<module type="JAVA_MODULE" version="4">
 <component name="FacetManager">
   <facet type="scala" name="Scala">
     <configuration>
       <option value="Project" name="compilerLibraryLevel"></option>
       <option value="scala-2.9.2" name="compilerLibraryName"></option>
       <option value="true" name="fsc"></option>
       <option value="true" name="deprecationWarnings"></option>
       <option value="-deprecation" name="compilerOptions"/>
     </configuration>
   </facet>
 </component>
 <component inherit-compiler-output="false" name="NewModuleRootManager">
   <output url="file://$MODULE_DIR$/../dependency-project/target/scala-2.9.2/classes"></output>
   <output-test url="file://$MODULE_DIR$/../dependency-project/target/scala-2.9.2/test-classes"></output-test>
   <exclude-output></exclude-output>
   <content url="file://$MODULE_DIR$/../dependency-project">
     <sourceFolder isTestSource="false" url="file://$MODULE_DIR$/../dependency-project/src/main/scala"></sourceFolder>
     <sourceFolder isTestSource="false" url="file://$MODULE_DIR$/../dependency-project/src/main/java"></sourceFolder>
     <sourceFolder isTestSource="false" url="file://$MODULE_DIR$/../dependency-project/src/main/resources"></sourceFolder>
     <sourceFolder isTestSource="true" url="file://$MODULE_DIR$/../dependency-project/src/test/scala"></sourceFolder>
     <sourceFolder isTestSource="true" url="file://$MODULE_DIR$/../dependency-project/src/test/java"></sourceFolder>
     <sourceFolder isTestSource="true" url="file://$MODULE_DIR$/../dependency-project/src/test/resources"></sourceFolder>
     <excludeFolder url="file://$MODULE_DIR$/../dependency-project/target"></excludeFolder>
   </content>
   <orderEntry type="inheritedJdk"></orderEntry>
   <orderEntry forTests="false" type="sourceFolder"></orderEntry>
   <orderEntry type="library" name="org.scala-lang_scala-library_2.9.2" level="project"></orderEntry>
 </component>
</module>
